CM7/Core/Src/stm32h7xx_it.c:77:6:NMI_Handler	0	static
CM7/Core/Src/stm32h7xx_it.c:92:6:HardFault_Handler	0	static
CM7/Core/Src/stm32h7xx_it.c:107:6:MemManage_Handler	0	static
CM7/Core/Src/stm32h7xx_it.c:122:6:BusFault_Handler	0	static
CM7/Core/Src/stm32h7xx_it.c:137:6:UsageFault_Handler	0	static
CM7/Core/Src/stm32h7xx_it.c:152:6:DebugMon_Handler	0	static
CM7/Core/Src/stm32h7xx_it.c:172:6:EXTI3_IRQHandler	0	static
CM7/Core/Src/stm32h7xx_it.c:186:6:FDCAN1_IT0_IRQHandler	0	static
CM7/Core/Src/stm32h7xx_it.c:200:6:FDCAN2_IT0_IRQHandler	0	static
CM7/Core/Src/stm32h7xx_it.c:214:6:FDCAN1_IT1_IRQHandler	0	static
CM7/Core/Src/stm32h7xx_it.c:228:6:FDCAN2_IT1_IRQHandler	0	static
CM7/Core/Src/stm32h7xx_it.c:242:6:TIM2_IRQHandler	0	static
CM7/Core/Src/stm32h7xx_it.c:256:6:OTG_HS_IRQHandler	0	static
CM7/Core/Src/stm32h7xx_it.c:270:6:LTDC_IRQHandler	0	static
CM7/Core/Src/stm32h7xx_it.c:284:6:JPEG_IRQHandler	0	static
CM7/Core/Src/stm32h7xx_it.c:298:6:MDMA_IRQHandler	8	static
