Drivers/STM32H7xx_HAL_Driver/Src/stm32h7xx_hal_cryp.c:2863:13:CRYP_SetKey	0	static
Drivers/STM32H7xx_HAL_Driver/Src/stm32h7xx_hal_cryp.c:3197:26:CRYP_AESGCM_Process_IT	16	static
Drivers/STM32H7xx_HAL_Driver/Src/stm32h7xx_hal_cryp.c:4590:26:CRYP_GCMCCM_SetHeaderPhase_DMA	32	static
Drivers/STM32H7xx_HAL_Driver/Src/stm32h7xx_hal_cryp.c:5215:26:CRYP_WaitOnOFNEFlag	16	static
Drivers/STM32H7xx_HAL_Driver/Src/stm32h7xx_hal_cryp.c:5159:26:CRYP_WaitOnIFEMFlag	16	static
Drivers/STM32H7xx_HAL_Driver/Src/stm32h7xx_hal_cryp.c:5186:26:CRYP_WaitOnBUSYFlag	16	static
Drivers/STM32H7xx_HAL_Driver/Src/stm32h7xx_hal_cryp.c:4432:26:CRYP_GCMCCM_SetHeaderPhase	40	static
Drivers/STM32H7xx_HAL_Driver/Src/stm32h7xx_hal_cryp.c:3818:26:CRYP_AESCCM_Process_IT	16	static
Drivers/STM32H7xx_HAL_Driver/Src/stm32h7xx_hal_cryp.c:536:19:HAL_CRYP_SetConfig	16	static
Drivers/STM32H7xx_HAL_Driver/Src/stm32h7xx_hal_cryp.c:607:19:HAL_CRYP_GetConfig	8	static
Drivers/STM32H7xx_HAL_Driver/Src/stm32h7xx_hal_cryp.c:661:13:HAL_CRYP_MspInit	0	static
Drivers/STM32H7xx_HAL_Driver/Src/stm32h7xx_hal_cryp.c:414:19:HAL_CRYP_Init	8	static
Drivers/STM32H7xx_HAL_Driver/Src/stm32h7xx_hal_cryp.c:677:13:HAL_CRYP_MspDeInit	0	static
Drivers/STM32H7xx_HAL_Driver/Src/stm32h7xx_hal_cryp.c:486:19:HAL_CRYP_DeInit	16	static
Drivers/STM32H7xx_HAL_Driver/Src/stm32h7xx_hal_cryp.c:1174:19:HAL_CRYP_Encrypt_IT	16	static
Drivers/STM32H7xx_HAL_Driver/Src/stm32h7xx_hal_cryp.c:1291:19:HAL_CRYP_Decrypt_IT	24	static
Drivers/STM32H7xx_HAL_Driver/Src/stm32h7xx_hal_cryp.c:1744:10:HAL_CRYP_GetError	0	static
Drivers/STM32H7xx_HAL_Driver/Src/stm32h7xx_hal_cryp.c:1755:23:HAL_CRYP_GetState	0	static
Drivers/STM32H7xx_HAL_Driver/Src/stm32h7xx_hal_cryp.c:1766:13:HAL_CRYP_InCpltCallback	0	static
Drivers/STM32H7xx_HAL_Driver/Src/stm32h7xx_hal_cryp.c:2444:13:CRYP_DMAInCplt	8	static
Drivers/STM32H7xx_HAL_Driver/Src/stm32h7xx_hal_cryp.c:1782:13:HAL_CRYP_OutCpltCallback	0	static
Drivers/STM32H7xx_HAL_Driver/Src/stm32h7xx_hal_cryp.c:1798:13:HAL_CRYP_ErrorCallback	0	static
Drivers/STM32H7xx_HAL_Driver/Src/stm32h7xx_hal_cryp.c:2685:13:CRYP_AES_ProcessData	32	static
Drivers/STM32H7xx_HAL_Driver/Src/stm32h7xx_hal_cryp.c:4809:13:CRYP_Workaround	72	static
Drivers/STM32H7xx_HAL_Driver/Src/stm32h7xx_hal_cryp.c:2904:26:CRYP_AESGCM_Process	48	static
Drivers/STM32H7xx_HAL_Driver/Src/stm32h7xx_hal_cryp.c:3516:26:CRYP_AESCCM_Process	40	static
Drivers/STM32H7xx_HAL_Driver/Src/stm32h7xx_hal_cryp.c:2626:13:CRYP_SetDMAConfig	24	static
Drivers/STM32H7xx_HAL_Driver/Src/stm32h7xx_hal_cryp.c:2467:13:CRYP_DMAOutCplt	16	static
Drivers/STM32H7xx_HAL_Driver/Src/stm32h7xx_hal_cryp.c:2597:13:CRYP_DMAError	8	static
Drivers/STM32H7xx_HAL_Driver/Src/stm32h7xx_hal_cryp.c:3290:26:CRYP_AESGCM_Process_DMA	40	static
Drivers/STM32H7xx_HAL_Driver/Src/stm32h7xx_hal_cryp.c:3951:26:CRYP_AESCCM_Process_DMA	48	static
Drivers/STM32H7xx_HAL_Driver/Src/stm32h7xx_hal_cryp.c:1410:19:HAL_CRYP_Encrypt_DMA	24	static
Drivers/STM32H7xx_HAL_Driver/Src/stm32h7xx_hal_cryp.c:1565:19:HAL_CRYP_Decrypt_DMA	32	static
Drivers/STM32H7xx_HAL_Driver/Src/stm32h7xx_hal_cryp.c:1702:6:HAL_CRYP_IRQHandler	40	static
Drivers/STM32H7xx_HAL_Driver/Src/stm32h7xx_hal_cryp.c:1826:26:CRYP_TDES_Process.constprop	24	static
Drivers/STM32H7xx_HAL_Driver/Src/stm32h7xx_hal_cryp.c:1044:19:HAL_CRYP_Decrypt	24	static
Drivers/STM32H7xx_HAL_Driver/Src/stm32h7xx_hal_cryp.c:914:19:HAL_CRYP_Encrypt	24	static
