CM7/USB_HOST/Target/usbh_conf.c:62:6:HAL_HCD_MspInit	256	static
CM7/USB_HOST/Target/usbh_conf.c:117:6:HAL_HCD_MspDeInit	8	static
CM7/USB_HOST/Target/usbh_conf.c:148:6:HAL_HCD_SOF_Callback	0	static
CM7/USB_HOST/Target/usbh_conf.c:158:6:HAL_HCD_Connect_Callback	0	static
CM7/USB_HOST/Target/usbh_conf.c:168:6:HAL_HCD_Disconnect_Callback	0	static
CM7/USB_HOST/Target/usbh_conf.c:180:6:HAL_HCD_HC_NotifyURBChange_Callback	0	static
CM7/USB_HOST/Target/usbh_conf.c:192:6:HAL_HCD_PortEnabled_Callback	0	static
CM7/USB_HOST/Target/usbh_conf.c:202:6:HAL_HCD_PortDisabled_Callback	0	static
CM7/USB_HOST/Target/usbh_conf.c:216:20:USBH_LL_Init	8	static
CM7/USB_HOST/Target/usbh_conf.c:298:19:USBH_LL_GetSpeed	8	static
CM7/USB_HOST/Target/usbh_conf.c:346:10:USBH_LL_GetLastXferSize	0	static
CM7/USB_HOST/Target/usbh_conf.c:450:22:USBH_LL_GetURBState	0	static
CM7/USB_HOST/Target/usbh_conf.c:464:20:USBH_LL_DriverVBUS	8	static
CM7/USB_HOST/Target/usbh_conf.c:485:20:USBH_LL_SetToggle	0	static
CM7/USB_HOST/Target/usbh_conf.c:508:9:USBH_LL_GetToggle	0	static
CM7/USB_HOST/Target/usbh_conf.c:530:6:USBH_Delay	0	static
CM7/USB_HOST/Target/usbh_conf.c:540:20:USBH_Get_USB_Status	0	static
CM7/USB_HOST/Target/usbh_conf.c:247:20:USBH_LL_DeInit	8	static
CM7/USB_HOST/Target/usbh_conf.c:264:20:USBH_LL_Start	8	static
CM7/USB_HOST/Target/usbh_conf.c:281:20:USBH_LL_Stop	8	static
CM7/USB_HOST/Target/usbh_conf.c:328:20:USBH_LL_ResetPort	8	static
CM7/USB_HOST/Target/usbh_conf.c:362:20:USBH_LL_OpenPipe	32	static
CM7/USB_HOST/Target/usbh_conf.c:382:20:USBH_LL_ClosePipe	8	static
CM7/USB_HOST/Target/usbh_conf.c:421:20:USBH_LL_SubmitURB	32	static
