CM7/Middlewares/ST/touchgfx/framework/include/touchgfx/hal/DMA.hpp:138:18:virtual void touchgfx::DMA_Interface::flush()	0	static
CM7/TouchGFX/target/generated/STM32DMA.hpp:112:31:virtual touchgfx::DMAType STM32DMA::getDMAType()	0	static
CM7/TouchGFX/target/generated/STM32DMA.cpp:148:16:virtual touchgfx::BlitOperations STM32DMA::getBlitCaps()	0	static
CM7/TouchGFX/target/generated/STM32DMA.cpp:68:6:virtual void STM32DMA::initialize()	16	static
CM7/TouchGFX/target/generated/STM32DMA.hpp:174:18:virtual void STM32DMA::start()	8	static
CM7/TouchGFX/target/generated/STM32DMA.cpp:62:1:STM32DMA::~STM32DMA()	0	static
CM7/TouchGFX/target/generated/STM32DMA.cpp:62:1:virtual STM32DMA::~STM32DMA()	8	static
CM7/TouchGFX/target/generated/STM32DMA.cpp:115:17:uint32_t STM32DMA::getChromARTOutputFormat(touchgfx::Bitmap::BitmapFormat)	8	static
CM7/TouchGFX/target/generated/STM32DMA.cpp:340:6:virtual void STM32DMA::setupDataFill(const touchgfx::BlitOp&)	16	static
CM7/TouchGFX/target/generated/STM32DMA.cpp:80:17:uint32_t STM32DMA::getChromARTInputFormat(touchgfx::Bitmap::BitmapFormat)	8	static
CM7/TouchGFX/target/generated/STM32DMA.cpp:171:6:virtual void STM32DMA::setupDataCopy(const touchgfx::BlitOp&)	24	static
CM7/TouchGFX/target/generated/STM32DMA.hpp:148:18:virtual void STM32DMA::signalDMAInterrupt()	8	static
CM7/TouchGFX/target/generated/STM32DMA.cpp:36:17:void DMA2D_IRQHandler()	0	static
CM7/TouchGFX/target/generated/STM32DMA.cpp:56:1:STM32DMA::STM32DMA()	16	static
CM7/TouchGFX/target/generated/STM32DMA.cpp:408:6:void touchgfx::paint::setL8Palette(const uint8_t*)	0	static
CM7/TouchGFX/target/generated/STM32DMA.cpp:419:6:void touchgfx::paint::tearDown()	0	static
CM7/TouchGFX/target/generated/STM32DMA.cpp:432:6:void touchgfx::paint::flushLine(uint32_t*, int)	0	static
CM7/TouchGFX/target/generated/STM32DMA.cpp:448:6:void touchgfx::paint::invalidateTextureCache()	0	static
CM7/TouchGFX/target/generated/STM32DMA.cpp:460:6:void touchgfx::paint::rgb565::lineFromColor(uint16_t*, unsigned int, uint32_t, uint8_t, uint32_t)	12	static
CM7/TouchGFX/target/generated/STM32DMA.cpp:510:6:void touchgfx::paint::rgb565::lineFromRGB565(uint16_t*, const uint16_t*, unsigned int, uint8_t)	12	static
CM7/TouchGFX/target/generated/STM32DMA.cpp:554:6:void touchgfx::paint::rgb565::lineFromARGB8888(uint16_t*, const uint32_t*, unsigned int, uint8_t)	12	static
CM7/TouchGFX/target/generated/STM32DMA.cpp:587:6:void touchgfx::paint::rgb565::lineFromL8RGB888(uint16_t*, const uint8_t*, unsigned int, uint8_t)	16	static
CM7/TouchGFX/target/generated/STM32DMA.cpp:652:6:void touchgfx::paint::rgb565::lineFromL8ARGB8888(uint16_t*, const uint8_t*, unsigned int, uint8_t)	12	static
